
[TestRender - 1]
{
  "alerts": [
    
    
    {
      "name": "Test",
      "severity": "<no value>",
      "description": "some description",
      "source": "grafana-cloud",
      "time": "2018-08-03 09:52:26.739266876 +0200 +0200",
      "extra": {
        "type": "application",
        "env": "<no value>",
        "ci": "<no value>"
      }
    }
    
    ,
    {
      "name": "Test",
      "severity": "<no value>",
      "description": "some description",
      "source": "grafana-cloud",
      "time": "2018-08-03 09:52:26.739266876 +0200 +0200",
      "extra": {
        "type": "application",
        "env": "<no value>",
        "ci": "<no value>"
      }
    }
    
    ,
    {
      "name": "Test",
      "severity": "<no value>",
      "description": "some description",
      "source": "grafana-cloud",
      "time": "2018-08-03 09:52:26.739266876 +0200 +0200",
      "extra": {
        "type": "application",
        "env": "<no value>",
        "ci": "<no value>"
      }
    }
    
  ]
}

---
